Traceback (most recent call last):
  File "C:\Users\Work\Documents\Studie\Intelligent_filter\Building_planning_station\.venv\Lib\site-packages\starlette\middleware\errors.py", line 164, in __call__
    await self.app(scope, receive, _send)
  File "C:\Users\Work\Documents\Studie\Intelligent_filter\Building_planning_station\.venv\Lib\site-packages\starlette\middleware\cors.py", line 96, in __call__
    await self.simple_response(scope, receive, send, request_headers=headers)
  File "C:\Users\Work\Documents\Studie\Intelligent_filter\Building_planning_station\.venv\Lib\site-packages\starlette\middleware\cors.py", line 154, in simple_response
    await self.app(scope, receive, send)
  File "C:\Users\Work\Documents\Studie\Intelligent_filter\Building_planning_station\.venv\Lib\site-packages\starlette\middleware\exceptions.py", line 63, in __call__
    await wrap_app_handling_exceptions(self.app, conn)(scope, receive, send)
  File "C:\Users\Work\Documents\Studie\Intelligent_filter\Building_planning_station\.venv\Lib\site-packages\starlette\_exception_handler.py", line 53, in wrapped_app
    raise exc
  File "C:\Users\Work\Documents\Studie\Intelligent_filter\Building_planning_station\.venv\Lib\site-packages\starlette\_exception_handler.py", line 42, in wrapped_app
    await app(scope, receive, sender)
  File "C:\Users\Work\Documents\Studie\Intelligent_filter\Building_planning_station\.venv\Lib\site-packages\fastapi\middleware\asyncexitstack.py", line 18, in __call__
    await self.app(scope, receive, send)
  File "C:\Users\Work\Documents\Studie\Intelligent_filter\Building_planning_station\.venv\Lib\site-packages\starlette\routing.py", line 660, in __call__
    await self.middleware_stack(scope, receive, send)
  File "C:\Users\Work\Documents\Studie\Intelligent_filter\Building_planning_station\.venv\Lib\site-packages\starlette\routing.py", line 680, in app
    await route.handle(scope, receive, send)
  File "C:\Users\Work\Documents\Studie\Intelligent_filter\Building_planning_station\.venv\Lib\site-packages\starlette\routing.py", line 276, in handle
    await self.app(scope, receive, send)
  File "C:\Users\Work\Documents\Studie\Intelligent_filter\Building_planning_station\.venv\Lib\site-packages\fastapi\routing.py", line 134, in app
    await wrap_app_handling_exceptions(app, request)(scope, receive, send)
  File "C:\Users\Work\Documents\Studie\Intelligent_filter\Building_planning_station\.venv\Lib\site-packages\starlette\_exception_handler.py", line 53, in wrapped_app
    raise exc
  File "C:\Users\Work\Documents\Studie\Intelligent_filter\Building_planning_station\.venv\Lib\site-packages\starlette\_exception_handler.py", line 42, in wrapped_app
    await app(scope, receive, sender)
  File "C:\Users\Work\Documents\Studie\Intelligent_filter\Building_planning_station\.venv\Lib\site-packages\fastapi\routing.py", line 120, in app
    response = await f(request)
               ^^^^^^^^^^^^^^^^
  File "C:\Users\Work\Documents\Studie\Intelligent_filter\Building_planning_station\.venv\Lib\site-packages\fastapi\routing.py", line 674, in app
    raw_response = await run_endpoint_function(
                   ^^^^^^^^^^^^^^^^^^^^^^^^^^^^
    ...<3 lines>...
    )
    ^
  File "C:\Users\Work\Documents\Studie\Intelligent_filter\Building_planning_station\.venv\Lib\site-packages\fastapi\routing.py", line 328, in run_endpoint_function
    return await dependant.call(**values)
           ^^^^^^^^^^^^^^^^^^^^^^^^^^^^^^
  File "C:\Users\Work\Documents\Studie\Intelligent_filter\Building_planning_station\backend\app\api\v1\endpoints\pipeline.py", line 25, in trigger_pipeline
    trigger_goal_distiller(str(user.id))
    ~~~~~~~~~~~~~~~~~~~~~~^^^^^^^^^^^^^^
  File "C:\Users\Work\Documents\Studie\Intelligent_filter\Building_planning_station\.venv\Lib\site-packages\celery\local.py", line 182, in __call__
    return self._get_current_object()(*a, **kw)
           ~~~~~~~~~~~~~~~~~~~~~~~~~~^^^^^^^^^^
  File "C:\Users\Work\Documents\Studie\Intelligent_filter\Building_planning_station\.venv\Lib\site-packages\celery\app\task.py", line 430, in __call__
    return self.run(*args, **kwargs)
           ~~~~~~~~^^^^^^^^^^^^^^^^^
  File "C:\Users\Work\Documents\Studie\Intelligent_filter\Building_planning_station\backend\app\worker\celery_app.py", line 79, in trigger_goal_distiller
    asyncio.run(_run())
    ~~~~~~~~~~~^^^^^^^^
  File "C:\Users\Work\AppData\Roaming\uv\python\cpython-3.13.5-windows-x86_64-none\Lib\asyncio\runners.py", line 191, in run
    raise RuntimeError(
        "asyncio.run() cannot be called from a running event loop")
RuntimeError: asyncio.run() cannot be called from a running event loop
